
> ecommerce-frontend@1.0.0 test
> vitest run RegisterPage addToCartFlow --no-color


 RUN  v4.1.10 C:/projects/mern-ecommerce/frontend

 Γ£ô src/__tests__/addToCartFlow.integration.test.tsx (3 tests) 464ms
 Γ£ô src/pages/__tests__/RegisterPage.test.tsx (6 tests) 6316ms
     Γ£ô registers, stores the session, and redirects home on success  1299ms
     Γ£ô shows a client-side error and never calls the API for an invalid email  978ms
     Γ£ô shows a client-side error and never calls the API for a weak password  863ms
     Γ£ô shows a client-side error when the passwords do not match  1099ms
     Γ£ô shows a server-error message and stays on the page when the API rejects (e.g. duplicate email)  1016ms
     Γ£ô disables the submit button while the request is in flight  1055ms

 Test Files  2 passed (2)
      Tests  9 passed (9)
   Start at  19:38:55
   Duration  10.58s (transform 448ms, setup 1.19s, import 1.44s, tests 6.78s, environment 5.29s)

